C:\Users\burak\OneDrive\Desktop\post\.venv\Scripts\python.exe : C:\Users\burak\
OneDrive\Desktop\post\.venv\Scripts\python.exe: can't open file 'C:\\Users\\bur
ak\\OneDrive\\Desktop\\calisma\\fibalgo-clean\\bot.py': [Errno 2] No such file 
or directory
At line:1 char:34
+ ...  = "utf-8"; C:\Users\burak\OneDrive\Desktop\post\.venv\Scripts\python ...
+                 ~~~~~~~~~~~~~~~~~~~~~~~~~~~~~~~~~~~~~~~~~~~~~~~~~~~~~~~~~
    + CategoryInfo          : NotSpecified: (C:\Users\burak\...le or directory 
   :String) [], RemoteException
    + FullyQualifiedErrorId : NativeCommandError
 
